<html>
<body>
<pre>
<h1>µVision Build Log</h1>
<h2>Project:</h2>
C:\Users\aless\Documents\GitHub\LandTiger\Computer Architecture Project\Blinky.uvproj
Project File Date:  01/17/2018

<h2>Output:</h2>
Rebuild target 'LPC1768 Flash'
assembling startup_LPC17xx.s...
compiling system_LPC17xx.c...
compiling core_cm3.c...
compiling Blinky.c...
compiling GLCD_LPC1700.c...
compiling GLCD_TTT.c...
compiling TouchPanel.c...
compiling IRQ_button.c...
compiling lib_button.c...
compiling funct_led.c...
compiling lib_led.c...
compiling IRQ_serial.c...
compiling lib_Serial.c...
compiling funct_timer.c...
compiling IRQ_timer.c...
compiling lib_timer.c...
linking...
Program Size: Code=8466 RO-data=5646 RW-data=52 ZI-data=860  
FromELF: creating hex file...
".\Flash\Blinky.axf" - 0 Error(s), 0 Warning(s).
Load "C:\\Users\\aless\\Documents\\GitHub\\LandTiger\\Computer Architecture Project\\Flash\\Blinky.axf" 
Erase Done.
Programming Done.
Verify OK.
</pre>
</body>
</html>
