<html>
<body>
<pre>
<h1>µVision Build Log</h1>
<h2>Project:</h2>
C:\Users\aless\Desktop\ProvaSchermataStart\Blinky.uvproj
Project File Date:  01/18/2018

<h2>Output:</h2>
Build target 'LPC1768 Flash'
compiling Blinky.c...
linking...
Program Size: Code=8506 RO-data=5646 RW-data=52 ZI-data=860  
FromELF: creating hex file...
".\Flash\Blinky.axf" - 0 Error(s), 0 Warning(s).
Load "C:\\Users\\aless\\Desktop\\ProvaSchermataStart\\Flash\\Blinky.axf" 
Erase Done.
Programming Done.
Verify OK.
</pre>
</body>
</html>

compiling funct_timer.c...
compiling IRQ_timer.c...
compiling lib_timer.c...
compiling IRQ.c...
linking...
Program Size: Code=8506 RO-data=5646 RW-data=52 ZI-data=860  
FromELF: creating hex file...
".\Flash\Blinky.axf" - 0 Error(s), 0 Warning(s).
Load "C:\\Users\\aless\\Desktop\\ProvaSchermataStart\\Flash\\Blinky.axf" 
Erase Done.
Programming Done.
Verify OK.
