ARM Linker, 4.1 [Build 561] [Evaluation]

==============================================================================

Section Cross References

    startup_lpc17xx.o(RESET) refers to startup_lpc17xx.o(STACK) for __initial_sp
    startup_lpc17xx.o(RESET) refers to startup_lpc17xx.o(.text) for Reset_Handler
    startup_lpc17xx.o(RESET) refers to irq.o(.text) for SysTick_Handler
    startup_lpc17xx.o(.text) refers to entry.o(.ARM.Collect$$$$00000000) for __main
    system_lpc17xx.o(.text) refers to system_lpc17xx.o(.data) for .data
    blinky.o(.text) refers to system_lpc17xx.o(.text) for SystemInit
    blinky.o(.text) refers to glcd_lpc1700.o(.text) for GLCD_Init
    irq.o(.text) refers to irq.o(.data) for .data
    glcd_lpc1700.o(.text) refers to glcd_lpc1700.o(.data) for .data
    glcd_lpc1700.o(.text) refers to glcd_lpc1700.o(.constdata) for .constdata
    glcd_lpc1700.o(.text) refers to glcd_lpc1700.o(.emb_text) for wait
    entry.o(.ARM.Collect$$$$00000000) refers (Special) to entry7.o(.ARM.Collect$$$$00000007) for _main_init
    entry.o(.ARM.Collect$$$$00000000) refers (Special) to entry5.o(.ARM.Collect$$$$00000004) for _main_scatterload
    entry.o(.ARM.Collect$$$$00000000) refers (Special) to entry2.o(.ARM.Collect$$$$00000001) for _main_stk
    entry2.o(.ARM.Collect$$$$00000001) refers to entry2.o(.ARM.Collect$$$$00002712) for __lit__00000000
    entry2.o(.ARM.Collect$$$$00002712) refers to startup_lpc17xx.o(STACK) for __initial_sp
    entry2.o(__vectab_stack_and_reset_area) refers to startup_lpc17xx.o(STACK) for __initial_sp
    entry2.o(__vectab_stack_and_reset_area) refers to entry.o(.ARM.Collect$$$$00000000) for __main
    entry5.o(.ARM.Collect$$$$00000004) refers to init.o(.text) for __scatterload
    entry7.o(.ARM.Collect$$$$00000007) refers to blinky.o(.text) for main
    init.o(.text) refers to entry5.o(.ARM.Collect$$$$00000004) for __main_after_scatterload


==============================================================================

Removing Unused input sections from the image.

    Removing startup_lpc17xx.o(HEAP), (0 bytes).
    Removing system_lpc17xx.o(.emb_text), (8 bytes).
    Removing core_cm3.o(.emb_text), (32 bytes).
    Removing blinky.o(.emb_text), (8 bytes).
    Removing blinky.o(.constdata), (32 bytes).

5 unused section(s) (total 80 bytes) removed from the image.

==============================================================================

Image Symbol Table

    Local Symbols

    Symbol Name                              Value     Ov Type        Size  Object(Section)

    RESET                                    0x00000000   Section      204  startup_lpc17xx.o(RESET)
    ../../microlib/init/entry.s              0x00000000   Number         0  entry2.o ABSOLUTE
    ../../microlib/init/entry.s              0x00000000   Number         0  entry.o ABSOLUTE
    ../../microlib/init/entry.s              0x00000000   Number         0  entry7.o ABSOLUTE
    ../../microlib/init/entry.s              0x00000000   Number         0  entry5.o ABSOLUTE
    Blinky.c                                 0x00000000   Number         0  blinky.o ABSOLUTE
    Blinky.c                                 0x00000000   Number         0  blinky.o ABSOLUTE
    GLCD_LPC1700.c                           0x00000000   Number         0  glcd_lpc1700.o ABSOLUTE
    GLCD_LPC1700.c                           0x00000000   Number         0  glcd_lpc1700.o ABSOLUTE
    IRQ.c                                    0x00000000   Number         0  irq.o ABSOLUTE
    core_cm3.c                               0x00000000   Number         0  core_cm3.o ABSOLUTE
    core_cm3.c                               0x00000000   Number         0  core_cm3.o ABSOLUTE
    dc.s                                     0x00000000   Number         0  dc.o ABSOLUTE
    handlers.s                               0x00000000   Number         0  handlers.o ABSOLUTE
    init.s                                   0x00000000   Number         0  init.o ABSOLUTE
    startup_LPC17xx.s                        0x00000000   Number         0  startup_lpc17xx.o ABSOLUTE
    system_LPC17xx.c                         0x00000000   Number         0  system_lpc17xx.o ABSOLUTE
    system_LPC17xx.c                         0x00000000   Number         0  system_lpc17xx.o ABSOLUTE
    .ARM.Collect$$$$00000000                 0x000000cc   Section        0  entry.o(.ARM.Collect$$$$00000000)
    .ARM.Collect$$$$00000001                 0x000000cc   Section        4  entry2.o(.ARM.Collect$$$$00000001)
    .ARM.Collect$$$$00000004                 0x000000d0   Section        4  entry5.o(.ARM.Collect$$$$00000004)
    .ARM.Collect$$$$00000007                 0x000000d4   Section        8  entry7.o(.ARM.Collect$$$$00000007)
    .ARM.Collect$$$$00002712                 0x000000dc   Section        4  entry2.o(.ARM.Collect$$$$00002712)
    __lit__00000000                          0x000000dc   Data           4  entry2.o(.ARM.Collect$$$$00002712)
    .emb_text                                0x000000e0   Section       12  glcd_lpc1700.o(.emb_text)
    .text                                    0x000000ec   Section       28  startup_lpc17xx.o(.text)
    .text                                    0x00000108   Section        0  system_lpc17xx.o(.text)
    .text                                    0x00000260   Section        0  blinky.o(.text)
    .ARM.__at_0x02FC                         0x000002fc   Section        4  startup_lpc17xx.o(.ARM.__at_0x02FC)
    .text                                    0x00000300   Section        0  irq.o(.text)
    .text                                    0x00000338   Section        0  glcd_lpc1700.o(.text)
    lcd_send                                 0x0000033f   Thumb Code    36  glcd_lpc1700.o(.text)
    delay                                    0x000011bd   Thumb Code     8  glcd_lpc1700.o(.text)
    wr_cmd                                   0x000011c5   Thumb Code    32  glcd_lpc1700.o(.text)
    wr_dat                                   0x000011e5   Thumb Code    32  glcd_lpc1700.o(.text)
    wr_dat_only                              0x00001205   Thumb Code    22  glcd_lpc1700.o(.text)
    wr_reg                                   0x0000121b   Thumb Code    26  glcd_lpc1700.o(.text)
    rd_reg                                   0x00001235   Thumb Code    78  glcd_lpc1700.o(.text)
    .text                                    0x0000128c   Section       36  init.o(.text)
    i.__scatterload_copy                     0x000012b0   Section       14  handlers.o(i.__scatterload_copy)
    i.__scatterload_null                     0x000012be   Section        2  handlers.o(i.__scatterload_null)
    i.__scatterload_zeroinit                 0x000012c0   Section       14  handlers.o(i.__scatterload_zeroinit)
    .constdata                               0x000012ce   Section     5376  glcd_lpc1700.o(.constdata)
    .data                                    0x10000000   Section        4  system_lpc17xx.o(.data)
    .data                                    0x10000004   Section        8  irq.o(.data)
    .data                                    0x1000000c   Section        6  glcd_lpc1700.o(.data)
    TextColor                                0x1000000c   Data           2  glcd_lpc1700.o(.data)
    BackColor                                0x1000000e   Data           2  glcd_lpc1700.o(.data)
    driverCode                               0x10000010   Data           2  glcd_lpc1700.o(.data)
    STACK                                    0x10000018   Section      512  startup_lpc17xx.o(STACK)

    Global Symbols

    Symbol Name                              Value     Ov Type        Size  Object(Section)

    BuildAttributes$$THM_ISAv4$P$D$K$B$S$PE$A:L22UL41UL21$X:L11$S22US41US21$IEEE1$IW$USESV6$~STKCKD$USESV7$~SHL$OSPACE$EBA8$MICROLIB$REQ8$PRES8$EABIv2 0x00000000   Number         0  anon$$obj.o ABSOLUTE
    __ARM_use_no_argv                        0x00000000   Number         0  blinky.o ABSOLUTE
    __Vectors                                0x00000000   Data           4  startup_lpc17xx.o(RESET)
    __decompress                              - Undefined Weak Reference
    __main                                   0x000000cd   Thumb Code     0  entry.o(.ARM.Collect$$$$00000000)
    _main_stk                                0x000000cd   Thumb Code     0  entry2.o(.ARM.Collect$$$$00000001)
    _main_scatterload                        0x000000d1   Thumb Code     0  entry5.o(.ARM.Collect$$$$00000004)
    __main_after_scatterload                 0x000000d5   Thumb Code     0  entry5.o(.ARM.Collect$$$$00000004)
    _main_init                               0x000000d5   Thumb Code     0  entry7.o(.ARM.Collect$$$$00000007)
    __asm___14_GLCD_LPC1700_c_24c782a4____REV16 0x000000e1   Thumb Code     4  glcd_lpc1700.o(.emb_text)
    __asm___14_GLCD_LPC1700_c_24c782a4____REVSH 0x000000e5   Thumb Code     4  glcd_lpc1700.o(.emb_text)
    wait                                     0x000000e9   Thumb Code     4  glcd_lpc1700.o(.emb_text)
    Reset_Handler                            0x000000ed   Thumb Code     4  startup_lpc17xx.o(.text)
    NMI_Handler                              0x000000f1   Thumb Code     2  startup_lpc17xx.o(.text)
    HardFault_Handler                        0x000000f3   Thumb Code     2  startup_lpc17xx.o(.text)
    MemManage_Handler                        0x000000f5   Thumb Code     2  startup_lpc17xx.o(.text)
    BusFault_Handler                         0x000000f7   Thumb Code     2  startup_lpc17xx.o(.text)
    UsageFault_Handler                       0x000000f9   Thumb Code     2  startup_lpc17xx.o(.text)
    SVC_Handler                              0x000000fb   Thumb Code     2  startup_lpc17xx.o(.text)
    DebugMon_Handler                         0x000000fd   Thumb Code     2  startup_lpc17xx.o(.text)
    PendSV_Handler                           0x000000ff   Thumb Code     2  startup_lpc17xx.o(.text)
    ADC_IRQHandler                           0x00000103   Thumb Code     0  startup_lpc17xx.o(.text)
    BOD_IRQHandler                           0x00000103   Thumb Code     0  startup_lpc17xx.o(.text)
    CANActivity_IRQHandler                   0x00000103   Thumb Code     0  startup_lpc17xx.o(.text)
    CAN_IRQHandler                           0x00000103   Thumb Code     0  startup_lpc17xx.o(.text)
    DMA_IRQHandler                           0x00000103   Thumb Code     0  startup_lpc17xx.o(.text)
    EINT0_IRQHandler                         0x00000103   Thumb Code     0  startup_lpc17xx.o(.text)
    EINT1_IRQHandler                         0x00000103   Thumb Code     0  startup_lpc17xx.o(.text)
    EINT2_IRQHandler                         0x00000103   Thumb Code     0  startup_lpc17xx.o(.text)
    EINT3_IRQHandler                         0x00000103   Thumb Code     0  startup_lpc17xx.o(.text)
    ENET_IRQHandler                          0x00000103   Thumb Code     0  startup_lpc17xx.o(.text)
    I2C0_IRQHandler                          0x00000103   Thumb Code     0  startup_lpc17xx.o(.text)
    I2C1_IRQHandler                          0x00000103   Thumb Code     0  startup_lpc17xx.o(.text)
    I2C2_IRQHandler                          0x00000103   Thumb Code     0  startup_lpc17xx.o(.text)
    I2S_IRQHandler                           0x00000103   Thumb Code     0  startup_lpc17xx.o(.text)
    MCPWM_IRQHandler                         0x00000103   Thumb Code     0  startup_lpc17xx.o(.text)
    PLL0_IRQHandler                          0x00000103   Thumb Code     0  startup_lpc17xx.o(.text)
    PLL1_IRQHandler                          0x00000103   Thumb Code     0  startup_lpc17xx.o(.text)
    PWM1_IRQHandler                          0x00000103   Thumb Code     0  startup_lpc17xx.o(.text)
    QEI_IRQHandler                           0x00000103   Thumb Code     0  startup_lpc17xx.o(.text)
    RIT_IRQHandler                           0x00000103   Thumb Code     0  startup_lpc17xx.o(.text)
    RTC_IRQHandler                           0x00000103   Thumb Code     0  startup_lpc17xx.o(.text)
    SPI_IRQHandler                           0x00000103   Thumb Code     0  startup_lpc17xx.o(.text)
    SSP0_IRQHandler                          0x00000103   Thumb Code     0  startup_lpc17xx.o(.text)
    SSP1_IRQHandler                          0x00000103   Thumb Code     0  startup_lpc17xx.o(.text)
    TIMER0_IRQHandler                        0x00000103   Thumb Code     0  startup_lpc17xx.o(.text)
    TIMER1_IRQHandler                        0x00000103   Thumb Code     0  startup_lpc17xx.o(.text)
    TIMER2_IRQHandler                        0x00000103   Thumb Code     0  startup_lpc17xx.o(.text)
    TIMER3_IRQHandler                        0x00000103   Thumb Code     0  startup_lpc17xx.o(.text)
    UART0_IRQHandler                         0x00000103   Thumb Code     0  startup_lpc17xx.o(.text)
    UART1_IRQHandler                         0x00000103   Thumb Code     0  startup_lpc17xx.o(.text)
    UART2_IRQHandler                         0x00000103   Thumb Code     0  startup_lpc17xx.o(.text)
    UART3_IRQHandler                         0x00000103   Thumb Code     0  startup_lpc17xx.o(.text)
    USBActivity_IRQHandler                   0x00000103   Thumb Code     0  startup_lpc17xx.o(.text)
    USB_IRQHandler                           0x00000103   Thumb Code     0  startup_lpc17xx.o(.text)
    WDT_IRQHandler                           0x00000103   Thumb Code     0  startup_lpc17xx.o(.text)
    SystemInit                               0x00000109   Thumb Code   312  system_lpc17xx.o(.text)
    main                                     0x00000261   Thumb Code   136  blinky.o(.text)
    SysTick_Handler                          0x00000301   Thumb Code    52  irq.o(.text)
    wait_delay                               0x00000339   Thumb Code     6  glcd_lpc1700.o(.text)
    GLCD_Init                                0x00000363   Thumb Code  2026  glcd_lpc1700.o(.text)
    GLCD_WindowMax                           0x00000b4d   Thumb Code    86  glcd_lpc1700.o(.text)
    GLCD_PutPixel                            0x00000ba3   Thumb Code    82  glcd_lpc1700.o(.text)
    GLCD_SetTextColor                        0x00000bf5   Thumb Code     6  glcd_lpc1700.o(.text)
    GLCD_SetBackColor                        0x00000bfb   Thumb Code     6  glcd_lpc1700.o(.text)
    GLCD_Clear                               0x00000c01   Thumb Code    94  glcd_lpc1700.o(.text)
    GLCD_DrawChar                            0x00000c5f   Thumb Code   222  glcd_lpc1700.o(.text)
    GLCD_DisplayChar                         0x00000d3d   Thumb Code    16  glcd_lpc1700.o(.text)
    GLCD_DisplayVerticalString               0x00000d4d   Thumb Code    38  glcd_lpc1700.o(.text)
    GLCD_DisplayString                       0x00000d73   Thumb Code    38  glcd_lpc1700.o(.text)
    GLCD_ClearLn                             0x00000d99   Thumb Code    20  glcd_lpc1700.o(.text)
    GLCD_Bargraph                            0x00000dad   Thumb Code   228  glcd_lpc1700.o(.text)
    GLCD_Bitmap                              0x00000e91   Thumb Code   272  glcd_lpc1700.o(.text)
    GLCD_Bmp                                 0x00000fa1   Thumb Code   226  glcd_lpc1700.o(.text)
    GLCD_DisplayLine                         0x00001083   Thumb Code   102  glcd_lpc1700.o(.text)
    GLCD_DisplayTTTLattice                   0x000010e9   Thumb Code   212  glcd_lpc1700.o(.text)
    __scatterload                            0x0000128d   Thumb Code    28  init.o(.text)
    __scatterload_rt2                        0x0000128d   Thumb Code     0  init.o(.text)
    __scatterload_copy                       0x000012b1   Thumb Code    14  handlers.o(i.__scatterload_copy)
    __scatterload_null                       0x000012bf   Thumb Code     2  handlers.o(i.__scatterload_null)
    __scatterload_zeroinit                   0x000012c1   Thumb Code    14  handlers.o(i.__scatterload_zeroinit)
    Font_24x16                               0x000012ce   Data        5376  glcd_lpc1700.o(.constdata)
    Region$$Table$$Base                      0x000027d0   Number         0  anon$$obj.o(Region$$Table)
    Region$$Table$$Limit                     0x000027f0   Number         0  anon$$obj.o(Region$$Table)
    SystemFrequency                          0x10000000   Data           4  system_lpc17xx.o(.data)
    ClockLEDOn                               0x10000004   Data           1  irq.o(.data)
    ClockLEDOff                              0x10000005   Data           1  irq.o(.data)
    ClockANI                                 0x10000006   Data           1  irq.o(.data)
    ticks                                    0x10000008   Data           4  irq.o(.data)
    __initial_sp                             0x10000218   Data           0  startup_lpc17xx.o(STACK)



==============================================================================

Memory Map of the image

  Image Entry point : 0x000000cd

  Load Region LR_IROM1 (Base: 0x00000000, Size: 0x00002804, Max: 0x00040000, ABSOLUTE)

    Execution Region ER_IROM1 (Base: 0x00000000, Size: 0x000027f0, Max: 0x00040000, ABSOLUTE)

    Base Addr    Size         Type   Attr      Idx    E Section Name        Object

    0x00000000   0x000000cc   Data   RO            3    RESET               startup_lpc17xx.o
    0x000000cc   0x00000000   Code   RO          142  * .ARM.Collect$$$$00000000  mc_w.l(entry.o)
    0x000000cc   0x00000004   Code   RO          145    .ARM.Collect$$$$00000001  mc_w.l(entry2.o)
    0x000000d0   0x00000004   Code   RO          148    .ARM.Collect$$$$00000004  mc_w.l(entry5.o)
    0x000000d4   0x00000008   Code   RO          149    .ARM.Collect$$$$00000007  mc_w.l(entry7.o)
    0x000000dc   0x00000004   Code   RO          146    .ARM.Collect$$$$00002712  mc_w.l(entry2.o)
    0x000000e0   0x0000000c   Code   RO          111    .emb_text           glcd_lpc1700.o
    0x000000ec   0x0000001c   Code   RO            5    .text               startup_lpc17xx.o
    0x00000108   0x00000158   Code   RO           14    .text               system_lpc17xx.o
    0x00000260   0x0000009c   Code   RO           64    .text               blinky.o
    0x000002fc   0x00000004   Code   RO            4    .ARM.__at_0x02FC    startup_lpc17xx.o
    0x00000300   0x00000038   Code   RO           99    .text               irq.o
    0x00000338   0x00000f54   Code   RO          112    .text               glcd_lpc1700.o
    0x0000128c   0x00000024   Code   RO          150    .text               mc_w.l(init.o)
    0x000012b0   0x0000000e   Code   RO          154    i.__scatterload_copy  mc_w.l(handlers.o)
    0x000012be   0x00000002   Code   RO          155    i.__scatterload_null  mc_w.l(handlers.o)
    0x000012c0   0x0000000e   Code   RO          156    i.__scatterload_zeroinit  mc_w.l(handlers.o)
    0x000012ce   0x00001500   Data   RO          113    .constdata          glcd_lpc1700.o
    0x000027ce   0x00000002   PAD
    0x000027d0   0x00000020   Data   RO          152    Region$$Table       anon$$obj.o


    Execution Region RW_IRAM1 (Base: 0x10000000, Size: 0x00000218, Max: 0x00008000, ABSOLUTE)

    Base Addr    Size         Type   Attr      Idx    E Section Name        Object

    0x10000000   0x00000004   Data   RW           15    .data               system_lpc17xx.o
    0x10000004   0x00000008   Data   RW          100    .data               irq.o
    0x1000000c   0x00000006   Data   RW          114    .data               glcd_lpc1700.o
    0x10000012   0x00000006   PAD
    0x10000018   0x00000200   Zero   RW            1    STACK               startup_lpc17xx.o


==============================================================================

Image component sizes


      Code (inc. data)   RO Data    RW Data    ZI Data      Debug   Object Name

       156         20          0          0          0        411   blinky.o
      3936         54       5376          6          0      10747   glcd_lpc1700.o
        56          4          0          8          0        642   irq.o
        32          8        204          0        512        872   startup_lpc17xx.o
       344         32          0          4          0       4883   system_lpc17xx.o

    ----------------------------------------------------------------------
      4524        118       5614         20        516      17555   Object Totals
         0          0         32          0          0          0   (incl. Generated)
         0          0          2          2          4          1   (incl. Padding)

    ----------------------------------------------------------------------

      Code (inc. data)   RO Data    RW Data    ZI Data      Debug   Library Member Name

         0          0          0          0          0          0   entry.o
         8          4          0          0          0          0   entry2.o
         4          0          0          0          0          0   entry5.o
         8          4          0          0          0          0   entry7.o
        30          0          0          0          0          0   handlers.o
        36          8          0          0          0         68   init.o

    ----------------------------------------------------------------------
        86         16          0          0          0         68   Library Totals
         0          0          0          0          0          0   (incl. Padding)

    ----------------------------------------------------------------------

      Code (inc. data)   RO Data    RW Data    ZI Data      Debug   Library Name

        86         16          0          0          0         68   mc_w.l

    ----------------------------------------------------------------------
        86         16          0          0          0         68   Library Totals

    ----------------------------------------------------------------------

==============================================================================


      Code (inc. data)   RO Data    RW Data    ZI Data      Debug   

      4610        134       5614         20        516      17468   Grand Totals
      4610        134       5614         20        516      17468   ELF Image Totals
      4610        134       5614         20          0          0   ROM Totals

==============================================================================

    Total RO  Size (Code + RO Data)                10224 (   9.98kB)
    Total RW  Size (RW Data + ZI Data)               536 (   0.52kB)
    Total ROM Size (Code + RO Data + RW Data)      10244 (  10.00kB)

==============================================================================

