<html>
<body>
<pre>
<h1>µVision Build Log</h1>
<h2>Project:</h2>
C:\Users\aless\Desktop\LCD_Blinky\Blinky.uvproj
Project File Date:  01/14/2018

<h2>Output:</h2>
Build target 'LPC1768 Flash'
assembling startup_LPC17xx.s...
compiling system_LPC17xx.c...
compiling core_cm3.c...
compiling Blinky.c...
compiling IRQ.c...
compiling GLCD_LPC1700.c...
compiling GLCD_TTT.c...
compiling TouchPanel.c...
linking...
Program Size: Code=8396 RO-data=5612 RW-data=32 ZI-data=656  
FromELF: creating hex file...
".\Flash\Blinky.axf" - 0 Error(s), 0 Warning(s).
Build target 'LPC1768 Flash'
assembling startup_LPC17xx.s...
compiling system_LPC17xx.c...
compiling core_cm3.c...
compiling Blinky.c...
compiling IRQ.c...
compiling GLCD_LPC1700.c...
compiling GLCD_TTT.c...
compiling TouchPanel.c...
linking...
Program Size: Code=8396 RO-data=5612 RW-data=32 ZI-data=656  
FromELF: creating hex file...
".\Flash\Blinky.axf" - 0 Error(s), 0 Warning(s).
Build target 'LPC1768 Flash'
assembling startup_LPC17xx.s...
compiling system_LPC17xx.c...
compiling core_cm3.c...
compiling Blinky.c...
compiling IRQ.c...
compiling GLCD_LPC1700.c...
compiling GLCD_TTT.c...
compiling TouchPanel.c...
linking...
Program Size: Code=8288 RO-data=5612 RW-data=32 ZI-data=656  
FromELF: creating hex file...
".\Flash\Blinky.axf" - 0 Error(s), 0 Warning(s).
Load "C:\\Users\\aless\\Desktop\\LCD_Blinky\\Flash\\Blinky.AXF" 
Set JLink Project File to "C:\Users\aless\Desktop\LCD_Blinky\JLinkSettings.ini"
 
JLink info:
------------
DLL: V4.20c, compiled Sep 24 2010 19:46:42
Firmware: J-Link ARM-OB STM32 compiled Aug 22 2012 19:52:04
Hardware: V7.00
Feature(s) : RDI,FlashDL,FlashBP,JFlash,GDBFull 
 
* JLink Info: TotalIRLen = 4, IRPrint = 0x01
* JLink Info: Found Cortex-M3 r2p0, Little endian.
* JLink Info: TPIU fitted.
* JLink Info: ETM fitted.
* JLink Info:   FPUnit: 6 code (BP) slots and 2 literal slots
ROMTableAddr = 0xE00FF003
 
Target info:
------------
Device: LPC1768
VTarget = 3.300V
State of Pins: 
TCK: 1, TDI: 0, TDO: 1, TMS: 0, TRES: 1, TRST: 1
* JLink Info: TotalIRLen = 4, IRPrint = 0x01
* JLink Info: Found Cortex-M3 r2p0, Little endian.
* JLink Info: TPIU fitted.
* JLink Info: ETM fitted.
* JLink Info:   FPUnit: 6 code (BP) slots and 2 literal slots
Hardware-Breakpoints: 6
Software-Breakpoints: 2048
Watchpoints:          4
JTAG speed: 2666 kHz
 
Erase Done.
Programming Done.
Verify OK.
* JLink Info: TotalIRLen = 4, IRPrint = 0x01
* JLink Info: Found Cortex-M3 r2p0, Little endian.
* JLink Info: TPIU fitted.
* JLink Info: ETM fitted.
* JLink Info:   FPUnit: 6 code (BP) slots and 2 literal slots
**JLink Warning: CPU did not halt after bootloader.
Application running ...
Build target 'LPC1768 Flash'
compiling Blinky.c...
linking...
Program Size: Code=8308 RO-data=5612 RW-data=32 ZI-data=656  
FromELF: creating hex file...
".\Flash\Blinky.axf" - 0 Error(s), 0 Warning(s).
Load "C:\\Users\\aless\\Desktop\\LCD_Blinky\\Flash\\Blinky.AXF" 
Set JLink Project File to "C:\Users\aless\Desktop\LCD_Blinky\JLinkSettings.ini"
 
JLink info:
------------
DLL: V4.20c, compiled Sep 24 2010 19:46:42
Firmware: J-Link ARM-OB STM32 compiled Aug 22 2012 19:52:04
Hardware: V7.00
Feature(s) : RDI,FlashDL,FlashBP,JFlash,GDBFull 
 
* JLink Info: TotalIRLen = 4, IRPrint = 0x01
* JLink Info: Found Cortex-M3 r2p0, Little endian.
* JLink Info: TPIU fitted.
* JLink Info: ETM fitted.
* JLink Info:   FPUnit: 6 code (BP) slots and 2 literal slots
ROMTableAddr = 0xE00FF003
 
Target info:
------------
Device: LPC1768
VTarget = 3.300V
State of Pins: 
TCK: 1, TDI: 0, TDO: 1, TMS: 0, TRES: 1, TRST: 1
* JLink Info: TotalIRLen = 4, IRPrint = 0x01
* JLink Info: Found Cortex-M3 r2p0, Little endian.
* JLink Info: TPIU fitted.
* JLink Info: ETM fitted.
* JLink Info:   FPUnit: 6 code (BP) slots and 2 literal slots
Hardware-Breakpoints: 6
Software-Breakpoints: 2048
Watchpoints:          4
JTAG speed: 2666 kHz
 
Erase Done.
Programming Done.
Verify OK.
* JLink Info: TotalIRLen = 4, IRPrint = 0x01
* JLink Info: Found Cortex-M3 r2p0, Little endian.
* JLink Info: TPIU fitted.
* JLink Info: ETM fitted.
* JLink Info:   FPUnit: 6 code (BP) slots and 2 literal slots
**JLink Warning: CPU did not halt after bootloader.
Application running ...
