ARM Linker, 4.1 [Build 561] [Evaluation]

==============================================================================

Section Cross References

    startup_lpc17xx.o(RESET) refers to startup_lpc17xx.o(STACK) for __initial_sp
    startup_lpc17xx.o(RESET) refers to startup_lpc17xx.o(.text) for Reset_Handler
    startup_lpc17xx.o(RESET) refers to irq.o(.text) for SysTick_Handler
    startup_lpc17xx.o(.text) refers to entry.o(.ARM.Collect$$$$00000000) for __main
    system_lpc17xx.o(.text) refers to system_lpc17xx.o(.data) for .data
    blinky.o(.text) refers to malloc.o(i.malloc) for malloc
    blinky.o(.text) refers to system_lpc17xx.o(.text) for SystemInit
    blinky.o(.text) refers to glcd_lpc1700.o(.text) for GLCD_Init
    blinky.o(.text) refers to glcd_ttt.o(.text) for GLCD_DisplayTTTLattice
    blinky.o(.text) refers to touchpanel.o(.text) for TP_Init
    blinky.o(.text) refers to printf1.o(i.__0sprintf$1) for __2sprintf
    irq.o(.text) refers to irq.o(.data) for .data
    glcd_lpc1700.o(.text) refers to glcd_lpc1700.o(.data) for .data
    glcd_lpc1700.o(.text) refers to glcd_lpc1700.o(.constdata) for .constdata
    glcd_lpc1700.o(.text) refers to glcd_lpc1700.o(.emb_text) for wait
    glcd_ttt.o(.text) refers to glcd_lpc1700.o(.text) for GLCD_DisplayLine
    glcd_ttt.o(.text) refers to glcd_ttt.o(.bss) for .bss
    touchpanel.o(.text) refers to memseta.o(.text) for __aeabi_memclr4
    touchpanel.o(.text) refers to dflti.o(.text) for __aeabi_i2d
    touchpanel.o(.text) refers to cdcmple.o(.text) for __aeabi_cdcmpeq
    touchpanel.o(.text) refers to dfltui.o(.text) for __aeabi_ui2d
    touchpanel.o(.text) refers to dmul.o(.text) for __aeabi_dmul
    touchpanel.o(.text) refers to dadd.o(.text) for __aeabi_dadd
    touchpanel.o(.text) refers to ddiv.o(.text) for __aeabi_ddiv
    touchpanel.o(.text) refers to dfixui.o(.text) for __aeabi_d2uiz
    touchpanel.o(.text) refers to touchpanel.o(.data) for .data
    entry.o(.ARM.Collect$$$$00000000) refers (Special) to entry7.o(.ARM.Collect$$$$00000007) for _main_init
    entry.o(.ARM.Collect$$$$00000000) refers (Special) to entry5.o(.ARM.Collect$$$$00000004) for _main_scatterload
    entry.o(.ARM.Collect$$$$00000000) refers (Special) to entry2.o(.ARM.Collect$$$$00000001) for _main_stk
    printfb.o(i.__0fprintf$bare) refers to printfb.o(i._printf_core) for _printf_core
    printfb.o(i.__0fprintf$bare) refers to fputc.o(i.fputc) for fputc
    printfb.o(i.__0printf$bare) refers to printfb.o(i._printf_core) for _printf_core
    printfb.o(i.__0printf$bare) refers to fputc.o(i.fputc) for fputc
    printfb.o(i.__0printf$bare) refers to stdout.o(.data) for __stdout
    printfb.o(i.__0snprintf$bare) refers to printfb.o(i._printf_core) for _printf_core
    printfb.o(i.__0snprintf$bare) refers to printfb.o(i._snputc) for _snputc
    printfb.o(i.__0sprintf$bare) refers to printfb.o(i._printf_core) for _printf_core
    printfb.o(i.__0sprintf$bare) refers to printfb.o(i._sputc) for _sputc
    printfb.o(i.__0vfprintf$bare) refers to printfb.o(i._printf_core) for _printf_core
    printfb.o(i.__0vfprintf$bare) refers to fputc.o(i.fputc) for fputc
    printfb.o(i.__0vprintf$bare) refers to printfb.o(i._printf_core) for _printf_core
    printfb.o(i.__0vprintf$bare) refers to fputc.o(i.fputc) for fputc
    printfb.o(i.__0vprintf$bare) refers to stdout.o(.data) for __stdout
    printfb.o(i.__0vsnprintf$bare) refers to printfb.o(i._printf_core) for _printf_core
    printfb.o(i.__0vsnprintf$bare) refers to printfb.o(i._snputc) for _snputc
    printfb.o(i.__0vsprintf$bare) refers to printfb.o(i._printf_core) for _printf_core
    printfb.o(i.__0vsprintf$bare) refers to printfb.o(i._sputc) for _sputc
    printf0.o(i.__0fprintf$0) refers to printf0.o(i._printf_core) for _printf_core
    printf0.o(i.__0fprintf$0) refers to fputc.o(i.fputc) for fputc
    printf0.o(i.__0printf$0) refers to printf0.o(i._printf_core) for _printf_core
    printf0.o(i.__0printf$0) refers to fputc.o(i.fputc) for fputc
    printf0.o(i.__0printf$0) refers to stdout.o(.data) for __stdout
    printf0.o(i.__0snprintf$0) refers to printf0.o(i._printf_core) for _printf_core
    printf0.o(i.__0snprintf$0) refers to printf0.o(i._snputc) for _snputc
    printf0.o(i.__0sprintf$0) refers to printf0.o(i._printf_core) for _printf_core
    printf0.o(i.__0sprintf$0) refers to printf0.o(i._sputc) for _sputc
    printf0.o(i.__0vfprintf$0) refers to printf0.o(i._printf_core) for _printf_core
    printf0.o(i.__0vfprintf$0) refers to fputc.o(i.fputc) for fputc
    printf0.o(i.__0vprintf$0) refers to printf0.o(i._printf_core) for _printf_core
    printf0.o(i.__0vprintf$0) refers to fputc.o(i.fputc) for fputc
    printf0.o(i.__0vprintf$0) refers to stdout.o(.data) for __stdout
    printf0.o(i.__0vsnprintf$0) refers to printf0.o(i._printf_core) for _printf_core
    printf0.o(i.__0vsnprintf$0) refers to printf0.o(i._snputc) for _snputc
    printf0.o(i.__0vsprintf$0) refers to printf0.o(i._printf_core) for _printf_core
    printf0.o(i.__0vsprintf$0) refers to printf0.o(i._sputc) for _sputc
    printf1.o(i.__0fprintf$1) refers to printf1.o(i._printf_core) for _printf_core
    printf1.o(i.__0fprintf$1) refers to fputc.o(i.fputc) for fputc
    printf1.o(i.__0printf$1) refers to printf1.o(i._printf_core) for _printf_core
    printf1.o(i.__0printf$1) refers to fputc.o(i.fputc) for fputc
    printf1.o(i.__0printf$1) refers to stdout.o(.data) for __stdout
    printf1.o(i.__0snprintf$1) refers to printf1.o(i._printf_core) for _printf_core
    printf1.o(i.__0snprintf$1) refers to printf1.o(i._snputc) for _snputc
    printf1.o(i.__0sprintf$1) refers to printf1.o(i._printf_core) for _printf_core
    printf1.o(i.__0sprintf$1) refers to printf1.o(i._sputc) for _sputc
    printf1.o(i.__0vfprintf$1) refers to printf1.o(i._printf_core) for _printf_core
    printf1.o(i.__0vfprintf$1) refers to fputc.o(i.fputc) for fputc
    printf1.o(i.__0vprintf$1) refers to printf1.o(i._printf_core) for _printf_core
    printf1.o(i.__0vprintf$1) refers to fputc.o(i.fputc) for fputc
    printf1.o(i.__0vprintf$1) refers to stdout.o(.data) for __stdout
    printf1.o(i.__0vsnprintf$1) refers to printf1.o(i._printf_core) for _printf_core
    printf1.o(i.__0vsnprintf$1) refers to printf1.o(i._snputc) for _snputc
    printf1.o(i.__0vsprintf$1) refers to printf1.o(i._printf_core) for _printf_core
    printf1.o(i.__0vsprintf$1) refers to printf1.o(i._sputc) for _sputc
    printf1.o(i._printf_core) refers to uidiv.o(.text) for __aeabi_uidivmod
    printf2.o(i.__0fprintf$2) refers to printf2.o(i._printf_core) for _printf_core
    printf2.o(i.__0fprintf$2) refers to fputc.o(i.fputc) for fputc
    printf2.o(i.__0printf$2) refers to printf2.o(i._printf_core) for _printf_core
    printf2.o(i.__0printf$2) refers to fputc.o(i.fputc) for fputc
    printf2.o(i.__0printf$2) refers to stdout.o(.data) for __stdout
    printf2.o(i.__0snprintf$2) refers to printf2.o(i._printf_core) for _printf_core
    printf2.o(i.__0snprintf$2) refers to printf2.o(i._snputc) for _snputc
    printf2.o(i.__0sprintf$2) refers to printf2.o(i._printf_core) for _printf_core
    printf2.o(i.__0sprintf$2) refers to printf2.o(i._sputc) for _sputc
    printf2.o(i.__0vfprintf$2) refers to printf2.o(i._printf_core) for _printf_core
    printf2.o(i.__0vfprintf$2) refers to fputc.o(i.fputc) for fputc
    printf2.o(i.__0vprintf$2) refers to printf2.o(i._printf_core) for _printf_core
    printf2.o(i.__0vprintf$2) refers to fputc.o(i.fputc) for fputc
    printf2.o(i.__0vprintf$2) refers to stdout.o(.data) for __stdout
    printf2.o(i.__0vsnprintf$2) refers to printf2.o(i._printf_core) for _printf_core
    printf2.o(i.__0vsnprintf$2) refers to printf2.o(i._snputc) for _snputc
    printf2.o(i.__0vsprintf$2) refers to printf2.o(i._printf_core) for _printf_core
    printf2.o(i.__0vsprintf$2) refers to printf2.o(i._sputc) for _sputc
    printf3.o(i.__0fprintf$3) refers to printf3.o(i._printf_core) for _printf_core
    printf3.o(i.__0fprintf$3) refers to fputc.o(i.fputc) for fputc
    printf3.o(i.__0printf$3) refers to printf3.o(i._printf_core) for _printf_core
    printf3.o(i.__0printf$3) refers to fputc.o(i.fputc) for fputc
    printf3.o(i.__0printf$3) refers to stdout.o(.data) for __stdout
    printf3.o(i.__0snprintf$3) refers to printf3.o(i._printf_core) for _printf_core
    printf3.o(i.__0snprintf$3) refers to printf3.o(i._snputc) for _snputc
    printf3.o(i.__0sprintf$3) refers to printf3.o(i._printf_core) for _printf_core
    printf3.o(i.__0sprintf$3) refers to printf3.o(i._sputc) for _sputc
    printf3.o(i.__0vfprintf$3) refers to printf3.o(i._printf_core) for _printf_core
    printf3.o(i.__0vfprintf$3) refers to fputc.o(i.fputc) for fputc
    printf3.o(i.__0vprintf$3) refers to printf3.o(i._printf_core) for _printf_core
    printf3.o(i.__0vprintf$3) refers to fputc.o(i.fputc) for fputc
    printf3.o(i.__0vprintf$3) refers to stdout.o(.data) for __stdout
    printf3.o(i.__0vsnprintf$3) refers to printf3.o(i._printf_core) for _printf_core
    printf3.o(i.__0vsnprintf$3) refers to printf3.o(i._snputc) for _snputc
    printf3.o(i.__0vsprintf$3) refers to printf3.o(i._printf_core) for _printf_core
    printf3.o(i.__0vsprintf$3) refers to printf3.o(i._sputc) for _sputc
    printf3.o(i._printf_core) refers to uidiv.o(.text) for __aeabi_uidivmod
    printf4.o(i.__0fprintf$4) refers to printf4.o(i._printf_core) for _printf_core
    printf4.o(i.__0fprintf$4) refers to fputc.o(i.fputc) for fputc
    printf4.o(i.__0printf$4) refers to printf4.o(i._printf_core) for _printf_core
    printf4.o(i.__0printf$4) refers to fputc.o(i.fputc) for fputc
    printf4.o(i.__0printf$4) refers to stdout.o(.data) for __stdout
    printf4.o(i.__0snprintf$4) refers to printf4.o(i._printf_core) for _printf_core
    printf4.o(i.__0snprintf$4) refers to printf4.o(i._snputc) for _snputc
    printf4.o(i.__0sprintf$4) refers to printf4.o(i._printf_core) for _printf_core
    printf4.o(i.__0sprintf$4) refers to printf4.o(i._sputc) for _sputc
    printf4.o(i.__0vfprintf$4) refers to printf4.o(i._printf_core) for _printf_core
    printf4.o(i.__0vfprintf$4) refers to fputc.o(i.fputc) for fputc
    printf4.o(i.__0vprintf$4) refers to printf4.o(i._printf_core) for _printf_core
    printf4.o(i.__0vprintf$4) refers to fputc.o(i.fputc) for fputc
    printf4.o(i.__0vprintf$4) refers to stdout.o(.data) for __stdout
    printf4.o(i.__0vsnprintf$4) refers to printf4.o(i._printf_core) for _printf_core
    printf4.o(i.__0vsnprintf$4) refers to printf4.o(i._snputc) for _snputc
    printf4.o(i.__0vsprintf$4) refers to printf4.o(i._printf_core) for _printf_core
    printf4.o(i.__0vsprintf$4) refers to printf4.o(i._sputc) for _sputc
    printf4.o(i._printf_core) refers to uldiv.o(.text) for __aeabi_uldivmod
    printf5.o(i.__0fprintf$5) refers to printf5.o(i._printf_core) for _printf_core
    printf5.o(i.__0fprintf$5) refers to fputc.o(i.fputc) for fputc
    printf5.o(i.__0printf$5) refers to printf5.o(i._printf_core) for _printf_core
    printf5.o(i.__0printf$5) refers to fputc.o(i.fputc) for fputc
    printf5.o(i.__0printf$5) refers to stdout.o(.data) for __stdout
    printf5.o(i.__0snprintf$5) refers to printf5.o(i._printf_core) for _printf_core
    printf5.o(i.__0snprintf$5) refers to printf5.o(i._snputc) for _snputc
    printf5.o(i.__0sprintf$5) refers to printf5.o(i._printf_core) for _printf_core
    printf5.o(i.__0sprintf$5) refers to printf5.o(i._sputc) for _sputc
    printf5.o(i.__0vfprintf$5) refers to printf5.o(i._printf_core) for _printf_core
    printf5.o(i.__0vfprintf$5) refers to fputc.o(i.fputc) for fputc
    printf5.o(i.__0vprintf$5) refers to printf5.o(i._printf_core) for _printf_core
    printf5.o(i.__0vprintf$5) refers to fputc.o(i.fputc) for fputc
    printf5.o(i.__0vprintf$5) refers to stdout.o(.data) for __stdout
    printf5.o(i.__0vsnprintf$5) refers to printf5.o(i._printf_core) for _printf_core
    printf5.o(i.__0vsnprintf$5) refers to printf5.o(i._snputc) for _snputc
    printf5.o(i.__0vsprintf$5) refers to printf5.o(i._printf_core) for _printf_core
    printf5.o(i.__0vsprintf$5) refers to printf5.o(i._sputc) for _sputc
    printf5.o(i._printf_core) refers to uldiv.o(.text) for __aeabi_uldivmod
    printf6.o(i.__0fprintf$6) refers to printf6.o(i._printf_core) for _printf_core
    printf6.o(i.__0fprintf$6) refers to fputc.o(i.fputc) for fputc
    printf6.o(i.__0printf$6) refers to printf6.o(i._printf_core) for _printf_core
    printf6.o(i.__0printf$6) refers to fputc.o(i.fputc) for fputc
    printf6.o(i.__0printf$6) refers to stdout.o(.data) for __stdout
    printf6.o(i.__0snprintf$6) refers to printf6.o(i._printf_core) for _printf_core
    printf6.o(i.__0snprintf$6) refers to printf6.o(i._snputc) for _snputc
    printf6.o(i.__0sprintf$6) refers to printf6.o(i._printf_core) for _printf_core
    printf6.o(i.__0sprintf$6) refers to printf6.o(i._sputc) for _sputc
    printf6.o(i.__0vfprintf$6) refers to printf6.o(i._printf_core) for _printf_core
    printf6.o(i.__0vfprintf$6) refers to fputc.o(i.fputc) for fputc
    printf6.o(i.__0vprintf$6) refers to printf6.o(i._printf_core) for _printf_core
    printf6.o(i.__0vprintf$6) refers to fputc.o(i.fputc) for fputc
    printf6.o(i.__0vprintf$6) refers to stdout.o(.data) for __stdout
    printf6.o(i.__0vsnprintf$6) refers to printf6.o(i._printf_core) for _printf_core
    printf6.o(i.__0vsnprintf$6) refers to printf6.o(i._snputc) for _snputc
    printf6.o(i.__0vsprintf$6) refers to printf6.o(i._printf_core) for _printf_core
    printf6.o(i.__0vsprintf$6) refers to printf6.o(i._sputc) for _sputc
    printf6.o(i._printf_core) refers to printf6.o(i._printf_pre_padding) for _printf_pre_padding
    printf6.o(i._printf_core) refers to uidiv.o(.text) for __aeabi_uidivmod
    printf6.o(i._printf_core) refers to printf6.o(i._printf_post_padding) for _printf_post_padding
    printf7.o(i.__0fprintf$7) refers to printf7.o(i._printf_core) for _printf_core
    printf7.o(i.__0fprintf$7) refers to fputc.o(i.fputc) for fputc
    printf7.o(i.__0printf$7) refers to printf7.o(i._printf_core) for _printf_core
    printf7.o(i.__0printf$7) refers to fputc.o(i.fputc) for fputc
    printf7.o(i.__0printf$7) refers to stdout.o(.data) for __stdout
    printf7.o(i.__0snprintf$7) refers to printf7.o(i._printf_core) for _printf_core
    printf7.o(i.__0snprintf$7) refers to printf7.o(i._snputc) for _snputc
    printf7.o(i.__0sprintf$7) refers to printf7.o(i._printf_core) for _printf_core
    printf7.o(i.__0sprintf$7) refers to printf7.o(i._sputc) for _sputc
    printf7.o(i.__0vfprintf$7) refers to printf7.o(i._printf_core) for _printf_core
    printf7.o(i.__0vfprintf$7) refers to fputc.o(i.fputc) for fputc
    printf7.o(i.__0vprintf$7) refers to printf7.o(i._printf_core) for _printf_core
    printf7.o(i.__0vprintf$7) refers to fputc.o(i.fputc) for fputc
    printf7.o(i.__0vprintf$7) refers to stdout.o(.data) for __stdout
    printf7.o(i.__0vsnprintf$7) refers to printf7.o(i._printf_core) for _printf_core
    printf7.o(i.__0vsnprintf$7) refers to printf7.o(i._snputc) for _snputc
    printf7.o(i.__0vsprintf$7) refers to printf7.o(i._printf_core) for _printf_core
    printf7.o(i.__0vsprintf$7) refers to printf7.o(i._sputc) for _sputc
    printf7.o(i._printf_core) refers to printf7.o(i._printf_pre_padding) for _printf_pre_padding
    printf7.o(i._printf_core) refers to uldiv.o(.text) for __aeabi_uldivmod
    printf7.o(i._printf_core) refers to printf7.o(i._printf_post_padding) for _printf_post_padding
    printf8.o(i.__0fprintf$8) refers to printf8.o(i._printf_core) for _printf_core
    printf8.o(i.__0fprintf$8) refers to fputc.o(i.fputc) for fputc
    printf8.o(i.__0printf$8) refers to printf8.o(i._printf_core) for _printf_core
    printf8.o(i.__0printf$8) refers to fputc.o(i.fputc) for fputc
    printf8.o(i.__0printf$8) refers to stdout.o(.data) for __stdout
    printf8.o(i.__0snprintf$8) refers to printf8.o(i._printf_core) for _printf_core
    printf8.o(i.__0snprintf$8) refers to printf8.o(i._snputc) for _snputc
    printf8.o(i.__0sprintf$8) refers to printf8.o(i._printf_core) for _printf_core
    printf8.o(i.__0sprintf$8) refers to printf8.o(i._sputc) for _sputc
    printf8.o(i.__0vfprintf$8) refers to printf8.o(i._printf_core) for _printf_core
    printf8.o(i.__0vfprintf$8) refers to fputc.o(i.fputc) for fputc
    printf8.o(i.__0vprintf$8) refers to printf8.o(i._printf_core) for _printf_core
    printf8.o(i.__0vprintf$8) refers to fputc.o(i.fputc) for fputc
    printf8.o(i.__0vprintf$8) refers to stdout.o(.data) for __stdout
    printf8.o(i.__0vsnprintf$8) refers to printf8.o(i._printf_core) for _printf_core
    printf8.o(i.__0vsnprintf$8) refers to printf8.o(i._snputc) for _snputc
    printf8.o(i.__0vsprintf$8) refers to printf8.o(i._printf_core) for _printf_core
    printf8.o(i.__0vsprintf$8) refers to printf8.o(i._sputc) for _sputc
    printf8.o(i._printf_core) refers to printf8.o(i._printf_pre_padding) for _printf_pre_padding
    printf8.o(i._printf_core) refers to uldiv.o(.text) for __aeabi_uldivmod
    printf8.o(i._printf_core) refers to printf8.o(i._printf_post_padding) for _printf_post_padding
    printfa.o(i.__0fprintf) refers (Special) to iusefp.o(.text) for __I$use$fp
    printfa.o(i.__0fprintf) refers to printfa.o(i._printf_core) for _printf_core
    printfa.o(i.__0fprintf) refers to fputc.o(i.fputc) for fputc
    printfa.o(i.__0printf) refers (Special) to iusefp.o(.text) for __I$use$fp
    printfa.o(i.__0printf) refers to printfa.o(i._printf_core) for _printf_core
    printfa.o(i.__0printf) refers to fputc.o(i.fputc) for fputc
    printfa.o(i.__0printf) refers to stdout.o(.data) for __stdout
    printfa.o(i.__0snprintf) refers (Special) to iusefp.o(.text) for __I$use$fp
    printfa.o(i.__0snprintf) refers to printfa.o(i._printf_core) for _printf_core
    printfa.o(i.__0snprintf) refers to printfa.o(i._snputc) for _snputc
    printfa.o(i.__0sprintf) refers (Special) to iusefp.o(.text) for __I$use$fp
    printfa.o(i.__0sprintf) refers to printfa.o(i._printf_core) for _printf_core
    printfa.o(i.__0sprintf) refers to printfa.o(i._sputc) for _sputc
    printfa.o(i.__0vfprintf) refers (Special) to iusefp.o(.text) for __I$use$fp
    printfa.o(i.__0vfprintf) refers to printfa.o(i._printf_core) for _printf_core
    printfa.o(i.__0vfprintf) refers to fputc.o(i.fputc) for fputc
    printfa.o(i.__0vprintf) refers (Special) to iusefp.o(.text) for __I$use$fp
    printfa.o(i.__0vprintf) refers to printfa.o(i._printf_core) for _printf_core
    printfa.o(i.__0vprintf) refers to fputc.o(i.fputc) for fputc
    printfa.o(i.__0vprintf) refers to stdout.o(.data) for __stdout
    printfa.o(i.__0vsnprintf) refers (Special) to iusefp.o(.text) for __I$use$fp
    printfa.o(i.__0vsnprintf) refers to printfa.o(i._printf_core) for _printf_core
    printfa.o(i.__0vsnprintf) refers to printfa.o(i._snputc) for _snputc
    printfa.o(i.__0vsprintf) refers (Special) to iusefp.o(.text) for __I$use$fp
    printfa.o(i.__0vsprintf) refers to printfa.o(i._printf_core) for _printf_core
    printfa.o(i.__0vsprintf) refers to printfa.o(i._sputc) for _sputc
    printfa.o(i._fp_digits) refers (Special) to iusefp.o(.text) for __I$use$fp
    printfa.o(i._fp_digits) refers to dmul.o(.text) for __aeabi_dmul
    printfa.o(i._fp_digits) refers to ddiv.o(.text) for __aeabi_ddiv
    printfa.o(i._fp_digits) refers to cdrcmple.o(.text) for __aeabi_cdrcmple
    printfa.o(i._fp_digits) refers to dadd.o(.text) for __aeabi_dadd
    printfa.o(i._fp_digits) refers to dfixul.o(.text) for __aeabi_d2ulz
    printfa.o(i._fp_digits) refers to uldiv.o(.text) for __aeabi_uldivmod
    printfa.o(i._printf_core) refers (Special) to iusefp.o(.text) for __I$use$fp
    printfa.o(i._printf_core) refers to printfa.o(i._printf_pre_padding) for _printf_pre_padding
    printfa.o(i._printf_core) refers to uldiv.o(.text) for __aeabi_uldivmod
    printfa.o(i._printf_core) refers to printfa.o(i._printf_post_padding) for _printf_post_padding
    printfa.o(i._printf_core) refers to printfa.o(i._fp_digits) for _fp_digits
    printfa.o(i._printf_core) refers to uidiv.o(.text) for __aeabi_uidivmod
    printfa.o(i._printf_post_padding) refers (Special) to iusefp.o(.text) for __I$use$fp
    printfa.o(i._printf_pre_padding) refers (Special) to iusefp.o(.text) for __I$use$fp
    printfa.o(i._snputc) refers (Special) to iusefp.o(.text) for __I$use$fp
    printfa.o(i._sputc) refers (Special) to iusefp.o(.text) for __I$use$fp
    malloc.o(i.free) refers to mvars.o(.data) for __microlib_freelist
    malloc.o(i.malloc) refers to mvars.o(.data) for __microlib_freelist_initialised
    malloc.o(i.malloc) refers to mvars.o(.data) for __microlib_freelist
    malloc.o(i.malloc) refers to startup_lpc17xx.o(HEAP) for __heap_base
    mallocr.o(i.__free$realloc) refers to mvars.o(.data) for __microlib_freelist
    mallocr.o(i.__malloc$realloc) refers to mallocr.o(i.internal_alloc) for internal_alloc
    mallocr.o(i.__malloc$realloc) refers to mvars.o(.data) for __microlib_freelist_initialised
    mallocr.o(i.__malloc$realloc) refers to startup_lpc17xx.o(HEAP) for __heap_base
    mallocr.o(i.__malloc$realloc) refers to mvars.o(.data) for __microlib_freelist
    mallocr.o(i.internal_alloc) refers to memcpya.o(.text) for __aeabi_memcpy
    mallocr.o(i.internal_alloc) refers to mvars.o(.data) for __microlib_freelist
    mallocr.o(i.realloc) refers to mallocr.o(i.__free$realloc) for __free$realloc
    mallocr.o(i.realloc) refers to mallocr.o(i.internal_alloc) for internal_alloc
    mallocr.o(i.realloc) refers to mallocr.o(i.__malloc$realloc) for __malloc$realloc
    mallocr.o(i.realloc) refers to mvars.o(.data) for __microlib_freelist
    malloca.o(i.__aligned_malloc) refers to mvars.o(.data) for __microlib_freelist_initialised
    malloca.o(i.__aligned_malloc) refers to mvars.o(.data) for __microlib_freelist
    malloca.o(i.__aligned_malloc) refers to startup_lpc17xx.o(HEAP) for __heap_base
    malloca.o(i.__free$memalign) refers to mvars.o(.data) for __microlib_freelist
    malloca.o(i.__malloc$memalign) refers to malloca.o(i.__aligned_malloc) for __aligned_malloc
    mallocra.o(i.__aligned_malloc$realloc) refers to mallocra.o(i.internal_alloc) for internal_alloc
    mallocra.o(i.__aligned_malloc$realloc) refers to mvars.o(.data) for __microlib_freelist_initialised
    mallocra.o(i.__aligned_malloc$realloc) refers to startup_lpc17xx.o(HEAP) for __heap_base
    mallocra.o(i.__aligned_malloc$realloc) refers to mvars.o(.data) for __microlib_freelist
    mallocra.o(i.__free$realloc$memalign) refers to mvars.o(.data) for __microlib_freelist
    mallocra.o(i.__malloc$realloc$memalign) refers to mallocra.o(i.__aligned_malloc$realloc) for __aligned_malloc$realloc
    mallocra.o(i.__realloc$memalign) refers to mallocra.o(i.__free$realloc$memalign) for __free$realloc$memalign
    mallocra.o(i.__realloc$memalign) refers to mallocra.o(i.internal_alloc) for internal_alloc
    mallocra.o(i.__realloc$memalign) refers to mallocra.o(i.__malloc$realloc$memalign) for __malloc$realloc$memalign
    mallocra.o(i.__realloc$memalign) refers to mvars.o(.data) for __microlib_freelist
    mallocra.o(i.internal_alloc) refers to memcpya.o(.text) for __aeabi_memcpy
    mallocra.o(i.internal_alloc) refers to mvars.o(.data) for __microlib_freelist
    dadd.o(.text) refers (Special) to iusefp.o(.text) for __I$use$fp
    dadd.o(.text) refers to llshl.o(.text) for __aeabi_llsl
    dadd.o(.text) refers to llsshr.o(.text) for __aeabi_lasr
    dadd.o(.text) refers to depilogue.o(.text) for _double_epilogue
    dmul.o(.text) refers (Special) to iusefp.o(.text) for __I$use$fp
    dmul.o(.text) refers to depilogue.o(.text) for _double_epilogue
    ddiv.o(.text) refers (Special) to iusefp.o(.text) for __I$use$fp
    ddiv.o(.text) refers to depilogue.o(.text) for _double_round
    dflti.o(.text) refers (Special) to iusefp.o(.text) for __I$use$fp
    dflti.o(.text) refers to depilogue.o(.text) for _double_epilogue
    dfltui.o(.text) refers (Special) to iusefp.o(.text) for __I$use$fp
    dfltui.o(.text) refers to depilogue.o(.text) for _double_epilogue
    dfixui.o(.text) refers (Special) to iusefp.o(.text) for __I$use$fp
    dfixui.o(.text) refers to llushr.o(.text) for __aeabi_llsr
    cdcmple.o(.text) refers (Special) to iusefp.o(.text) for __I$use$fp
    entry2.o(.ARM.Collect$$$$00000001) refers to entry2.o(.ARM.Collect$$$$00002712) for __lit__00000000
    entry2.o(.ARM.Collect$$$$00002712) refers to startup_lpc17xx.o(STACK) for __initial_sp
    entry2.o(__vectab_stack_and_reset_area) refers to startup_lpc17xx.o(STACK) for __initial_sp
    entry2.o(__vectab_stack_and_reset_area) refers to entry.o(.ARM.Collect$$$$00000000) for __main
    entry5.o(.ARM.Collect$$$$00000004) refers to init.o(.text) for __scatterload
    entry7.o(.ARM.Collect$$$$00000007) refers to blinky.o(.text) for main
    fputc.o(i.fputc) refers (Special) to iusesemip.o(.text) for __I$use$semihosting$fputc
    uldiv.o(.text) refers to llushr.o(.text) for __aeabi_llsr
    uldiv.o(.text) refers to llshl.o(.text) for __aeabi_llsl
    depilogue.o(.text) refers to llshl.o(.text) for __aeabi_llsl
    depilogue.o(.text) refers to llushr.o(.text) for __aeabi_llsr
    dfixul.o(.text) refers to llushr.o(.text) for __aeabi_llsr
    dfixul.o(.text) refers to llshl.o(.text) for __aeabi_llsl
    init.o(.text) refers to entry5.o(.ARM.Collect$$$$00000004) for __main_after_scatterload


==============================================================================

Removing Unused input sections from the image.

    Removing system_lpc17xx.o(.emb_text), (8 bytes).
    Removing core_cm3.o(.emb_text), (32 bytes).
    Removing blinky.o(.emb_text), (8 bytes).
    Removing blinky.o(.constdata), (32 bytes).
    Removing touchpanel.o(.emb_text), (8 bytes).
    Removing touchpanel.o(.bss), (56 bytes).
    Removing touchpanel.o(.bss), (12 bytes).
    Removing touchpanel.o(.data), (12 bytes).
    Removing touchpanel.o(.data), (4 bytes).
    Removing dfixul.o(.text), (48 bytes).
    Removing cdrcmple.o(.text), (40 bytes).

11 unused section(s) (total 260 bytes) removed from the image.

==============================================================================

Image Symbol Table

    Local Symbols

    Symbol Name                              Value     Ov Type        Size  Object(Section)

    RESET                                    0x00000000   Section      204  startup_lpc17xx.o(RESET)
    ../../microlib/division.c                0x00000000   Number         0  uldiv.o ABSOLUTE
    ../../microlib/division.c                0x00000000   Number         0  uidiv.o ABSOLUTE
    ../../microlib/fpadd.c                   0x00000000   Number         0  dadd.o ABSOLUTE
    ../../microlib/fpdiv.c                   0x00000000   Number         0  ddiv.o ABSOLUTE
    ../../microlib/fpepilogue.c              0x00000000   Number         0  depilogue.o ABSOLUTE
    ../../microlib/fpfix.c                   0x00000000   Number         0  dfixui.o ABSOLUTE
    ../../microlib/fpfix.c                   0x00000000   Number         0  dfixul.o ABSOLUTE
    ../../microlib/fpflt.c                   0x00000000   Number         0  dfltui.o ABSOLUTE
    ../../microlib/fpflt.c                   0x00000000   Number         0  dflti.o ABSOLUTE
    ../../microlib/fpmul.c                   0x00000000   Number         0  dmul.o ABSOLUTE
    ../../microlib/init/entry.s              0x00000000   Number         0  entry5.o ABSOLUTE
    ../../microlib/init/entry.s              0x00000000   Number         0  entry2.o ABSOLUTE
    ../../microlib/init/entry.s              0x00000000   Number         0  entry.o ABSOLUTE
    ../../microlib/init/entry.s              0x00000000   Number         0  entry7.o ABSOLUTE
    ../../microlib/longlong.c                0x00000000   Number         0  llsshr.o ABSOLUTE
    ../../microlib/longlong.c                0x00000000   Number         0  llushr.o ABSOLUTE
    ../../microlib/longlong.c                0x00000000   Number         0  llshl.o ABSOLUTE
    ../../microlib/malloc/malloc.c           0x00000000   Number         0  malloca.o ABSOLUTE
    ../../microlib/malloc/malloc.c           0x00000000   Number         0  mallocr.o ABSOLUTE
    ../../microlib/malloc/malloc.c           0x00000000   Number         0  malloc.o ABSOLUTE
    ../../microlib/malloc/malloc.c           0x00000000   Number         0  mallocra.o ABSOLUTE
    ../../microlib/malloc/mvars.c            0x00000000   Number         0  mvars.o ABSOLUTE
    ../../microlib/printf/printf.c           0x00000000   Number         0  printfa.o ABSOLUTE
    ../../microlib/printf/printf.c           0x00000000   Number         0  printfb.o ABSOLUTE
    ../../microlib/printf/printf.c           0x00000000   Number         0  printf0.o ABSOLUTE
    ../../microlib/printf/printf.c           0x00000000   Number         0  printf1.o ABSOLUTE
    ../../microlib/printf/printf.c           0x00000000   Number         0  printf2.o ABSOLUTE
    ../../microlib/printf/printf.c           0x00000000   Number         0  printf3.o ABSOLUTE
    ../../microlib/printf/printf.c           0x00000000   Number         0  printf4.o ABSOLUTE
    ../../microlib/printf/printf.c           0x00000000   Number         0  printf5.o ABSOLUTE
    ../../microlib/printf/printf.c           0x00000000   Number         0  printf6.o ABSOLUTE
    ../../microlib/printf/printf.c           0x00000000   Number         0  printf7.o ABSOLUTE
    ../../microlib/printf/printf.c           0x00000000   Number         0  printf8.o ABSOLUTE
    ../../microlib/printf/stubs.s            0x00000000   Number         0  stubs.o ABSOLUTE
    ../../microlib/stdio/fputc.c             0x00000000   Number         0  fputc.o ABSOLUTE
    ../../microlib/stdio/streams.c           0x00000000   Number         0  stdout.o ABSOLUTE
    ../../microlib/string/memcpy.c           0x00000000   Number         0  memcpyb.o ABSOLUTE
    ../../microlib/string/memcpy.c           0x00000000   Number         0  memcpya.o ABSOLUTE
    ../../microlib/string/memset.c           0x00000000   Number         0  memseta.o ABSOLUTE
    ../../microlib/stubs.s                   0x00000000   Number         0  iusesemip.o ABSOLUTE
    ../../microlib/stubs.s                   0x00000000   Number         0  iusefp.o ABSOLUTE
    Blinky.c                                 0x00000000   Number         0  blinky.o ABSOLUTE
    Blinky.c                                 0x00000000   Number         0  blinky.o ABSOLUTE
    GLCD_LPC1700.c                           0x00000000   Number         0  glcd_lpc1700.o ABSOLUTE
    GLCD_LPC1700.c                           0x00000000   Number         0  glcd_lpc1700.o ABSOLUTE
    GLCD_TTT.c                               0x00000000   Number         0  glcd_ttt.o ABSOLUTE
    IRQ.c                                    0x00000000   Number         0  irq.o ABSOLUTE
    TouchPanel.c                             0x00000000   Number         0  touchpanel.o ABSOLUTE
    TouchPanel.c                             0x00000000   Number         0  touchpanel.o ABSOLUTE
    cdcmple.s                                0x00000000   Number         0  cdcmple.o ABSOLUTE
    cdrcmple.s                               0x00000000   Number         0  cdrcmple.o ABSOLUTE
    core_cm3.c                               0x00000000   Number         0  core_cm3.o ABSOLUTE
    core_cm3.c                               0x00000000   Number         0  core_cm3.o ABSOLUTE
    dc.s                                     0x00000000   Number         0  dc.o ABSOLUTE
    handlers.s                               0x00000000   Number         0  handlers.o ABSOLUTE
    init.s                                   0x00000000   Number         0  init.o ABSOLUTE
    startup_LPC17xx.s                        0x00000000   Number         0  startup_lpc17xx.o ABSOLUTE
    system_LPC17xx.c                         0x00000000   Number         0  system_lpc17xx.o ABSOLUTE
    system_LPC17xx.c                         0x00000000   Number         0  system_lpc17xx.o ABSOLUTE
    .ARM.Collect$$$$00000000                 0x000000cc   Section        0  entry.o(.ARM.Collect$$$$00000000)
    .ARM.Collect$$$$00000001                 0x000000cc   Section        4  entry2.o(.ARM.Collect$$$$00000001)
    .ARM.Collect$$$$00000004                 0x000000d0   Section        4  entry5.o(.ARM.Collect$$$$00000004)
    .ARM.Collect$$$$00000007                 0x000000d4   Section        8  entry7.o(.ARM.Collect$$$$00000007)
    .ARM.Collect$$$$00002712                 0x000000dc   Section        4  entry2.o(.ARM.Collect$$$$00002712)
    __lit__00000000                          0x000000dc   Data           4  entry2.o(.ARM.Collect$$$$00002712)
    .emb_text                                0x000000e0   Section       12  glcd_lpc1700.o(.emb_text)
    .text                                    0x000000ec   Section       28  startup_lpc17xx.o(.text)
    .text                                    0x00000108   Section        0  system_lpc17xx.o(.text)
    .text                                    0x00000260   Section        0  blinky.o(.text)
    .text                                    0x000002cc   Section        0  memseta.o(.text)
    .text                                    0x000002f2   Section        0  iusefp.o(.text)
    i.__scatterload_null                     0x000002f2   Section        2  handlers.o(i.__scatterload_null)
    .ARM.__at_0x02FC                         0x000002fc   Section        4  startup_lpc17xx.o(.ARM.__at_0x02FC)
    .text                                    0x00000300   Section        0  irq.o(.text)
    .text                                    0x00000338   Section        0  glcd_lpc1700.o(.text)
    lcd_send                                 0x0000033f   Thumb Code    36  glcd_lpc1700.o(.text)
    delay                                    0x00001169   Thumb Code     8  glcd_lpc1700.o(.text)
    wr_cmd                                   0x00001171   Thumb Code    32  glcd_lpc1700.o(.text)
    wr_dat                                   0x00001191   Thumb Code    32  glcd_lpc1700.o(.text)
    wr_dat_only                              0x000011b1   Thumb Code    22  glcd_lpc1700.o(.text)
    wr_reg                                   0x000011c7   Thumb Code    26  glcd_lpc1700.o(.text)
    rd_reg                                   0x000011e1   Thumb Code    78  glcd_lpc1700.o(.text)
    .text                                    0x00001238   Section        0  glcd_ttt.o(.text)
    .text                                    0x000015cc   Section        0  touchpanel.o(.text)
    WR_CMD                                   0x000015f3   Thumb Code    28  touchpanel.o(.text)
    ADS7843_SPI_Init                         0x0000197d   Thumb Code   110  touchpanel.o(.text)
    DelayUS                                  0x000019eb   Thumb Code    26  touchpanel.o(.text)
    RD_AD                                    0x00001a05   Thumb Code    30  touchpanel.o(.text)
    .text                                    0x00001a22   Section        0  dadd.o(.text)
    .text                                    0x00001b6c   Section        0  dmul.o(.text)
    .text                                    0x00001c4e   Section        0  ddiv.o(.text)
    .text                                    0x00001d2c   Section        0  dflti.o(.text)
    .text                                    0x00001d4e   Section        0  dfltui.o(.text)
    .text                                    0x00001d68   Section        0  dfixui.o(.text)
    .text                                    0x00001d98   Section       40  cdcmple.o(.text)
    .text                                    0x00001dc0   Section        0  uidiv.o(.text)
    .text                                    0x00001dec   Section        0  llshl.o(.text)
    .text                                    0x00001e0a   Section        0  llushr.o(.text)
    .text                                    0x00001e2a   Section        0  llsshr.o(.text)
    .text                                    0x00001e4e   Section        0  depilogue.o(.text)
    .text                                    0x00001f10   Section       36  init.o(.text)
    i.__0sprintf$1                           0x00001f34   Section        0  printf1.o(i.__0sprintf$1)
    i.__scatterload_copy                     0x00001f5c   Section       14  handlers.o(i.__scatterload_copy)
    i.__scatterload_zeroinit                 0x00001f6a   Section       14  handlers.o(i.__scatterload_zeroinit)
    i._printf_core                           0x00001f78   Section        0  printf1.o(i._printf_core)
    _printf_core                             0x00001f79   Thumb Code   332  printf1.o(i._printf_core)
    i._sputc                                 0x000020c8   Section        0  printf1.o(i._sputc)
    _sputc                                   0x000020c9   Thumb Code    10  printf1.o(i._sputc)
    i.malloc                                 0x000020d4   Section        0  malloc.o(i.malloc)
    .constdata                               0x00002140   Section     5376  glcd_lpc1700.o(.constdata)
    .data                                    0x10000000   Section        4  system_lpc17xx.o(.data)
    .data                                    0x10000004   Section        8  irq.o(.data)
    .data                                    0x1000000c   Section        6  glcd_lpc1700.o(.data)
    TextColor                                0x1000000c   Data           2  glcd_lpc1700.o(.data)
    BackColor                                0x1000000e   Data           2  glcd_lpc1700.o(.data)
    driverCode                               0x10000010   Data           2  glcd_lpc1700.o(.data)
    .data                                    0x10000012   Section        4  touchpanel.o(.data)
    screen                                   0x10000012   Data           4  touchpanel.o(.data)
    .data                                    0x10000018   Section        4  mvars.o(.data)
    .data                                    0x1000001c   Section        4  mvars.o(.data)
    .bss                                     0x10000020   Section      144  glcd_ttt.o(.bss)
    lattice0                                 0x10000020   Data         144  glcd_ttt.o(.bss)
    HEAP                                     0x100000b0   Section        0  startup_lpc17xx.o(HEAP)
    STACK                                    0x100000b0   Section      512  startup_lpc17xx.o(STACK)

    Global Symbols

    Symbol Name                              Value     Ov Type        Size  Object(Section)

    BuildAttributes$$THM_ISAv4$P$D$K$B$S$PE$A:L22UL41UL21$X:L11$S22US41US21$IEEE1$IW$USESV6$~STKCKD$USESV7$~SHL$OSPACE$ROPI$EBA8$MICROLIB$REQ8$PRES8$EABIv2 0x00000000   Number         0  anon$$obj.o ABSOLUTE
    __ARM_use_no_argv                        0x00000000   Number         0  blinky.o ABSOLUTE
    __Vectors                                0x00000000   Data           4  startup_lpc17xx.o(RESET)
    _printf_a                                0x00000000   Number         0  stubs.o ABSOLUTE
    _printf_c                                0x00000000   Number         0  stubs.o ABSOLUTE
    _printf_charcount                        0x00000000   Number         0  stubs.o ABSOLUTE
    _printf_d                                0x00000000   Number         0  stubs.o ABSOLUTE
    _printf_e                                0x00000000   Number         0  stubs.o ABSOLUTE
    _printf_f                                0x00000000   Number         0  stubs.o ABSOLUTE
    _printf_flags                            0x00000000   Number         0  stubs.o ABSOLUTE
    _printf_fp_dec                           0x00000000   Number         0  stubs.o ABSOLUTE
    _printf_fp_hex                           0x00000000   Number         0  stubs.o ABSOLUTE
    _printf_g                                0x00000000   Number         0  stubs.o ABSOLUTE
    _printf_i                                0x00000000   Number         0  stubs.o ABSOLUTE
    _printf_int_dec                          0x00000000   Number         0  stubs.o ABSOLUTE
    _printf_l                                0x00000000   Number         0  stubs.o ABSOLUTE
    _printf_lc                               0x00000000   Number         0  stubs.o ABSOLUTE
    _printf_ll                               0x00000000   Number         0  stubs.o ABSOLUTE
    _printf_lld                              0x00000000   Number         0  stubs.o ABSOLUTE
    _printf_lli                              0x00000000   Number         0  stubs.o ABSOLUTE
    _printf_llo                              0x00000000   Number         0  stubs.o ABSOLUTE
    _printf_llu                              0x00000000   Number         0  stubs.o ABSOLUTE
    _printf_llx                              0x00000000   Number         0  stubs.o ABSOLUTE
    _printf_longlong_dec                     0x00000000   Number         0  stubs.o ABSOLUTE
    _printf_longlong_hex                     0x00000000   Number         0  stubs.o ABSOLUTE
    _printf_longlong_oct                     0x00000000   Number         0  stubs.o ABSOLUTE
    _printf_ls                               0x00000000   Number         0  stubs.o ABSOLUTE
    _printf_mbtowc                           0x00000000   Number         0  stubs.o ABSOLUTE
    _printf_n                                0x00000000   Number         0  stubs.o ABSOLUTE
    _printf_o                                0x00000000   Number         0  stubs.o ABSOLUTE
    _printf_p                                0x00000000   Number         0  stubs.o ABSOLUTE
    _printf_percent                          0x00000000   Number         0  stubs.o ABSOLUTE
    _printf_pre_padding                      0x00000000   Number         0  stubs.o ABSOLUTE
    _printf_return_value                     0x00000000   Number         0  stubs.o ABSOLUTE
    _printf_s                                0x00000000   Number         0  stubs.o ABSOLUTE
    _printf_sizespec                         0x00000000   Number         0  stubs.o ABSOLUTE
    _printf_str                              0x00000000   Number         0  stubs.o ABSOLUTE
    _printf_truncate_signed                  0x00000000   Number         0  stubs.o ABSOLUTE
    _printf_truncate_unsigned                0x00000000   Number         0  stubs.o ABSOLUTE
    _printf_u                                0x00000000   Number         0  stubs.o ABSOLUTE
    _printf_wc                               0x00000000   Number         0  stubs.o ABSOLUTE
    _printf_wctomb                           0x00000000   Number         0  stubs.o ABSOLUTE
    _printf_widthprec                        0x00000000   Number         0  stubs.o ABSOLUTE
    _printf_x                                0x00000000   Number         0  stubs.o ABSOLUTE
    __decompress                              - Undefined Weak Reference
    __main                                   0x000000cd   Thumb Code     0  entry.o(.ARM.Collect$$$$00000000)
    _main_stk                                0x000000cd   Thumb Code     0  entry2.o(.ARM.Collect$$$$00000001)
    _main_scatterload                        0x000000d1   Thumb Code     0  entry5.o(.ARM.Collect$$$$00000004)
    __main_after_scatterload                 0x000000d5   Thumb Code     0  entry5.o(.ARM.Collect$$$$00000004)
    _main_init                               0x000000d5   Thumb Code     0  entry7.o(.ARM.Collect$$$$00000007)
    __asm___14_GLCD_LPC1700_c_24c782a4____REV16 0x000000e1   Thumb Code     4  glcd_lpc1700.o(.emb_text)
    __asm___14_GLCD_LPC1700_c_24c782a4____REVSH 0x000000e5   Thumb Code     4  glcd_lpc1700.o(.emb_text)
    wait                                     0x000000e9   Thumb Code     4  glcd_lpc1700.o(.emb_text)
    Reset_Handler                            0x000000ed   Thumb Code     4  startup_lpc17xx.o(.text)
    NMI_Handler                              0x000000f1   Thumb Code     2  startup_lpc17xx.o(.text)
    HardFault_Handler                        0x000000f3   Thumb Code     2  startup_lpc17xx.o(.text)
    MemManage_Handler                        0x000000f5   Thumb Code     2  startup_lpc17xx.o(.text)
    BusFault_Handler                         0x000000f7   Thumb Code     2  startup_lpc17xx.o(.text)
    UsageFault_Handler                       0x000000f9   Thumb Code     2  startup_lpc17xx.o(.text)
    SVC_Handler                              0x000000fb   Thumb Code     2  startup_lpc17xx.o(.text)
    DebugMon_Handler                         0x000000fd   Thumb Code     2  startup_lpc17xx.o(.text)
    PendSV_Handler                           0x000000ff   Thumb Code     2  startup_lpc17xx.o(.text)
    ADC_IRQHandler                           0x00000103   Thumb Code     0  startup_lpc17xx.o(.text)
    BOD_IRQHandler                           0x00000103   Thumb Code     0  startup_lpc17xx.o(.text)
    CANActivity_IRQHandler                   0x00000103   Thumb Code     0  startup_lpc17xx.o(.text)
    CAN_IRQHandler                           0x00000103   Thumb Code     0  startup_lpc17xx.o(.text)
    DMA_IRQHandler                           0x00000103   Thumb Code     0  startup_lpc17xx.o(.text)
    EINT0_IRQHandler                         0x00000103   Thumb Code     0  startup_lpc17xx.o(.text)
    EINT1_IRQHandler                         0x00000103   Thumb Code     0  startup_lpc17xx.o(.text)
    EINT2_IRQHandler                         0x00000103   Thumb Code     0  startup_lpc17xx.o(.text)
    EINT3_IRQHandler                         0x00000103   Thumb Code     0  startup_lpc17xx.o(.text)
    ENET_IRQHandler                          0x00000103   Thumb Code     0  startup_lpc17xx.o(.text)
    I2C0_IRQHandler                          0x00000103   Thumb Code     0  startup_lpc17xx.o(.text)
    I2C1_IRQHandler                          0x00000103   Thumb Code     0  startup_lpc17xx.o(.text)
    I2C2_IRQHandler                          0x00000103   Thumb Code     0  startup_lpc17xx.o(.text)
    I2S_IRQHandler                           0x00000103   Thumb Code     0  startup_lpc17xx.o(.text)
    MCPWM_IRQHandler                         0x00000103   Thumb Code     0  startup_lpc17xx.o(.text)
    PLL0_IRQHandler                          0x00000103   Thumb Code     0  startup_lpc17xx.o(.text)
    PLL1_IRQHandler                          0x00000103   Thumb Code     0  startup_lpc17xx.o(.text)
    PWM1_IRQHandler                          0x00000103   Thumb Code     0  startup_lpc17xx.o(.text)
    QEI_IRQHandler                           0x00000103   Thumb Code     0  startup_lpc17xx.o(.text)
    RIT_IRQHandler                           0x00000103   Thumb Code     0  startup_lpc17xx.o(.text)
    RTC_IRQHandler                           0x00000103   Thumb Code     0  startup_lpc17xx.o(.text)
    SPI_IRQHandler                           0x00000103   Thumb Code     0  startup_lpc17xx.o(.text)
    SSP0_IRQHandler                          0x00000103   Thumb Code     0  startup_lpc17xx.o(.text)
    SSP1_IRQHandler                          0x00000103   Thumb Code     0  startup_lpc17xx.o(.text)
    TIMER0_IRQHandler                        0x00000103   Thumb Code     0  startup_lpc17xx.o(.text)
    TIMER1_IRQHandler                        0x00000103   Thumb Code     0  startup_lpc17xx.o(.text)
    TIMER2_IRQHandler                        0x00000103   Thumb Code     0  startup_lpc17xx.o(.text)
    TIMER3_IRQHandler                        0x00000103   Thumb Code     0  startup_lpc17xx.o(.text)
    UART0_IRQHandler                         0x00000103   Thumb Code     0  startup_lpc17xx.o(.text)
    UART1_IRQHandler                         0x00000103   Thumb Code     0  startup_lpc17xx.o(.text)
    UART2_IRQHandler                         0x00000103   Thumb Code     0  startup_lpc17xx.o(.text)
    UART3_IRQHandler                         0x00000103   Thumb Code     0  startup_lpc17xx.o(.text)
    USBActivity_IRQHandler                   0x00000103   Thumb Code     0  startup_lpc17xx.o(.text)
    USB_IRQHandler                           0x00000103   Thumb Code     0  startup_lpc17xx.o(.text)
    WDT_IRQHandler                           0x00000103   Thumb Code     0  startup_lpc17xx.o(.text)
    SystemInit                               0x00000109   Thumb Code   312  system_lpc17xx.o(.text)
    main                                     0x00000261   Thumb Code    96  blinky.o(.text)
    __aeabi_memset                           0x000002cd   Thumb Code    14  memseta.o(.text)
    __aeabi_memset4                          0x000002cd   Thumb Code     0  memseta.o(.text)
    __aeabi_memset8                          0x000002cd   Thumb Code     0  memseta.o(.text)
    __aeabi_memclr                           0x000002db   Thumb Code     4  memseta.o(.text)
    __aeabi_memclr4                          0x000002db   Thumb Code     0  memseta.o(.text)
    __aeabi_memclr8                          0x000002db   Thumb Code     0  memseta.o(.text)
    _memset$wrapper                          0x000002df   Thumb Code    20  memseta.o(.text)
    __I$use$fp                               0x000002f3   Thumb Code     0  iusefp.o(.text)
    __scatterload_null                       0x000002f3   Thumb Code     2  handlers.o(i.__scatterload_null)
    SysTick_Handler                          0x00000301   Thumb Code    52  irq.o(.text)
    wait_delay                               0x00000339   Thumb Code     6  glcd_lpc1700.o(.text)
    GLCD_Init                                0x00000363   Thumb Code  2026  glcd_lpc1700.o(.text)
    GLCD_WindowMax                           0x00000b4d   Thumb Code    86  glcd_lpc1700.o(.text)
    GLCD_PutPixel                            0x00000ba3   Thumb Code    82  glcd_lpc1700.o(.text)
    GLCD_SetTextColor                        0x00000bf5   Thumb Code     6  glcd_lpc1700.o(.text)
    GLCD_SetBackColor                        0x00000bfb   Thumb Code     6  glcd_lpc1700.o(.text)
    GLCD_Clear                               0x00000c01   Thumb Code    94  glcd_lpc1700.o(.text)
    GLCD_DrawChar                            0x00000c5f   Thumb Code   222  glcd_lpc1700.o(.text)
    GLCD_DisplayChar                         0x00000d3d   Thumb Code    16  glcd_lpc1700.o(.text)
    GLCD_DisplayVerticalString               0x00000d4d   Thumb Code    38  glcd_lpc1700.o(.text)
    GLCD_DisplayString                       0x00000d73   Thumb Code    38  glcd_lpc1700.o(.text)
    GLCD_ClearLn                             0x00000d99   Thumb Code    20  glcd_lpc1700.o(.text)
    GLCD_Bargraph                            0x00000dad   Thumb Code   228  glcd_lpc1700.o(.text)
    GLCD_Bitmap                              0x00000e91   Thumb Code   272  glcd_lpc1700.o(.text)
    GLCD_Bmp                                 0x00000fa1   Thumb Code   226  glcd_lpc1700.o(.text)
    GLCD_DisplayLine                         0x00001083   Thumb Code   102  glcd_lpc1700.o(.text)
    GLCD_DisplayDiagonalLine                 0x000010e9   Thumb Code    64  glcd_lpc1700.o(.text)
    GLCD_DisplayAntidiagonalLine             0x00001129   Thumb Code    64  glcd_lpc1700.o(.text)
    _wait_delay                              0x00001239   Thumb Code    12  glcd_ttt.o(.text)
    computePos                               0x00001245   Thumb Code    38  glcd_ttt.o(.text)
    TTT_init                                 0x0000126b   Thumb Code   162  glcd_ttt.o(.text)
    GLCD_DisplayTTTLattice                   0x0000130d   Thumb Code   242  glcd_ttt.o(.text)
    TTT_CheckVictory                         0x000013ff   Thumb Code   328  glcd_ttt.o(.text)
    TTT_DisplayMove                          0x00001547   Thumb Code    76  glcd_ttt.o(.text)
    LPC17xx_SPI_SetSpeed                     0x000015cd   Thumb Code    16  touchpanel.o(.text)
    TP_Init                                  0x000015dd   Thumb Code    22  touchpanel.o(.text)
    Read_X                                   0x0000160f   Thumb Code    34  touchpanel.o(.text)
    Read_Y                                   0x00001631   Thumb Code    34  touchpanel.o(.text)
    TP_GetAdXY                               0x00001653   Thumb Code    28  touchpanel.o(.text)
    Read_Ads7846                             0x0000166f   Thumb Code   292  touchpanel.o(.text)
    setCalibrationMatrix                     0x00001793   Thumb Code   324  touchpanel.o(.text)
    getDisplayPoint                          0x000018d7   Thumb Code   166  touchpanel.o(.text)
    __aeabi_dadd                             0x00001a23   Thumb Code   318  dadd.o(.text)
    __aeabi_dsub                             0x00001b61   Thumb Code     6  dadd.o(.text)
    __aeabi_drsub                            0x00001b67   Thumb Code     6  dadd.o(.text)
    __aeabi_dmul                             0x00001b6d   Thumb Code   226  dmul.o(.text)
    __aeabi_ddiv                             0x00001c4f   Thumb Code   222  ddiv.o(.text)
    __aeabi_i2d                              0x00001d2d   Thumb Code    34  dflti.o(.text)
    __aeabi_ui2d                             0x00001d4f   Thumb Code    26  dfltui.o(.text)
    __aeabi_d2uiz                            0x00001d69   Thumb Code    46  dfixui.o(.text)
    __aeabi_cdcmpeq                          0x00001d99   Thumb Code     0  cdcmple.o(.text)
    __aeabi_cdcmple                          0x00001d99   Thumb Code    38  cdcmple.o(.text)
    __aeabi_uidiv                            0x00001dc1   Thumb Code     0  uidiv.o(.text)
    __aeabi_uidivmod                         0x00001dc1   Thumb Code    44  uidiv.o(.text)
    __aeabi_llsl                             0x00001ded   Thumb Code    30  llshl.o(.text)
    _ll_shift_l                              0x00001ded   Thumb Code     0  llshl.o(.text)
    __aeabi_llsr                             0x00001e0b   Thumb Code    32  llushr.o(.text)
    _ll_ushift_r                             0x00001e0b   Thumb Code     0  llushr.o(.text)
    __aeabi_lasr                             0x00001e2b   Thumb Code    36  llsshr.o(.text)
    _ll_sshift_r                             0x00001e2b   Thumb Code     0  llsshr.o(.text)
    _double_round                            0x00001e4f   Thumb Code    26  depilogue.o(.text)
    _double_epilogue                         0x00001e69   Thumb Code   168  depilogue.o(.text)
    __scatterload                            0x00001f11   Thumb Code    28  init.o(.text)
    __scatterload_rt2                        0x00001f11   Thumb Code     0  init.o(.text)
    __0sprintf$1                             0x00001f35   Thumb Code    34  printf1.o(i.__0sprintf$1)
    __1sprintf$1                             0x00001f35   Thumb Code     0  printf1.o(i.__0sprintf$1)
    __2sprintf                               0x00001f35   Thumb Code     0  printf1.o(i.__0sprintf$1)
    __scatterload_copy                       0x00001f5d   Thumb Code    14  handlers.o(i.__scatterload_copy)
    __scatterload_zeroinit                   0x00001f6b   Thumb Code    14  handlers.o(i.__scatterload_zeroinit)
    malloc                                   0x000020d5   Thumb Code    92  malloc.o(i.malloc)
    Font_24x16                               0x00002140   Data        5376  glcd_lpc1700.o(.constdata)
    Region$$Table$$Base                      0x00003640   Number         0  anon$$obj.o(Region$$Table)
    Region$$Table$$Limit                     0x00003660   Number         0  anon$$obj.o(Region$$Table)
    SystemFrequency                          0x10000000   Data           4  system_lpc17xx.o(.data)
    ClockLEDOn                               0x10000004   Data           1  irq.o(.data)
    ClockLEDOff                              0x10000005   Data           1  irq.o(.data)
    ClockANI                                 0x10000006   Data           1  irq.o(.data)
    ticks                                    0x10000008   Data           4  irq.o(.data)
    __microlib_freelist                      0x10000018   Data           4  mvars.o(.data)
    __microlib_freelist_initialised          0x1000001c   Data           4  mvars.o(.data)
    __heap_base                              0x100000b0   Data           0  startup_lpc17xx.o(HEAP)
    __heap_limit                             0x100000b0   Data           0  startup_lpc17xx.o(HEAP)
    __initial_sp                             0x100002b0   Data           0  startup_lpc17xx.o(STACK)



==============================================================================

Memory Map of the image

  Image Entry point : 0x000000cd

  Load Region LR_IROM1 (Base: 0x00000000, Size: 0x00003680, Max: 0x00040000, ABSOLUTE)

    Execution Region ER_IROM1 (Base: 0x00000000, Size: 0x00003660, Max: 0x00040000, ABSOLUTE)

    Base Addr    Size         Type   Attr      Idx    E Section Name        Object

    0x00000000   0x000000cc   Data   RO            3    RESET               startup_lpc17xx.o
    0x000000cc   0x00000000   Code   RO          194  * .ARM.Collect$$$$00000000  mc_w.l(entry.o)
    0x000000cc   0x00000004   Code   RO          502    .ARM.Collect$$$$00000001  mc_w.l(entry2.o)
    0x000000d0   0x00000004   Code   RO          505    .ARM.Collect$$$$00000004  mc_w.l(entry5.o)
    0x000000d4   0x00000008   Code   RO          506    .ARM.Collect$$$$00000007  mc_w.l(entry7.o)
    0x000000dc   0x00000004   Code   RO          503    .ARM.Collect$$$$00002712  mc_w.l(entry2.o)
    0x000000e0   0x0000000c   Code   RO          122    .emb_text           glcd_lpc1700.o
    0x000000ec   0x0000001c   Code   RO            5    .text               startup_lpc17xx.o
    0x00000108   0x00000158   Code   RO           14    .text               system_lpc17xx.o
    0x00000260   0x0000006c   Code   RO           64    .text               blinky.o
    0x000002cc   0x00000026   Code   RO          197    .text               mc_w.l(memseta.o)
    0x000002f2   0x00000000   Code   RO          526    .text               mc_w.l(iusefp.o)
    0x000002f2   0x00000002   Code   RO          539    i.__scatterload_null  mc_w.l(handlers.o)
    0x000002f4   0x00000008   PAD
    0x000002fc   0x00000004   Code   RO            4    .ARM.__at_0x02FC    startup_lpc17xx.o
    0x00000300   0x00000038   Code   RO          110    .text               irq.o
    0x00000338   0x00000f00   Code   RO          123    .text               glcd_lpc1700.o
    0x00001238   0x00000394   Code   RO          153    .text               glcd_ttt.o
    0x000015cc   0x00000456   Code   RO          168    .text               touchpanel.o
    0x00001a22   0x0000014a   Code   RO          488    .text               mf_w.l(dadd.o)
    0x00001b6c   0x000000e2   Code   RO          490    .text               mf_w.l(dmul.o)
    0x00001c4e   0x000000de   Code   RO          492    .text               mf_w.l(ddiv.o)
    0x00001d2c   0x00000022   Code   RO          494    .text               mf_w.l(dflti.o)
    0x00001d4e   0x0000001a   Code   RO          496    .text               mf_w.l(dfltui.o)
    0x00001d68   0x0000002e   Code   RO          498    .text               mf_w.l(dfixui.o)
    0x00001d96   0x00000002   PAD
    0x00001d98   0x00000028   Code   RO          500    .text               mf_w.l(cdcmple.o)
    0x00001dc0   0x0000002c   Code   RO          510    .text               mc_w.l(uidiv.o)
    0x00001dec   0x0000001e   Code   RO          514    .text               mc_w.l(llshl.o)
    0x00001e0a   0x00000020   Code   RO          516    .text               mc_w.l(llushr.o)
    0x00001e2a   0x00000024   Code   RO          518    .text               mc_w.l(llsshr.o)
    0x00001e4e   0x000000c2   Code   RO          527    .text               mf_w.l(depilogue.o)
    0x00001f10   0x00000024   Code   RO          533    .text               mc_w.l(init.o)
    0x00001f34   0x00000028   Code   RO          246    i.__0sprintf$1      mc_w.l(printf1.o)
    0x00001f5c   0x0000000e   Code   RO          538    i.__scatterload_copy  mc_w.l(handlers.o)
    0x00001f6a   0x0000000e   Code   RO          540    i.__scatterload_zeroinit  mc_w.l(handlers.o)
    0x00001f78   0x00000150   Code   RO          251    i._printf_core      mc_w.l(printf1.o)
    0x000020c8   0x0000000a   Code   RO          253    i._sputc            mc_w.l(printf1.o)
    0x000020d2   0x00000002   PAD
    0x000020d4   0x0000006c   Code   RO          461    i.malloc            mc_w.l(malloc.o)
    0x00002140   0x00001500   Data   RO          124    .constdata          glcd_lpc1700.o
    0x00003640   0x00000020   Data   RO          536    Region$$Table       anon$$obj.o


    Execution Region RW_IRAM1 (Base: 0x10000000, Size: 0x000002b0, Max: 0x00008000, ABSOLUTE)

    Base Addr    Size         Type   Attr      Idx    E Section Name        Object

    0x10000000   0x00000004   Data   RW           15    .data               system_lpc17xx.o
    0x10000004   0x00000008   Data   RW          111    .data               irq.o
    0x1000000c   0x00000006   Data   RW          125    .data               glcd_lpc1700.o
    0x10000012   0x00000004   Data   RW          172    .data               touchpanel.o
    0x10000016   0x00000002   PAD
    0x10000018   0x00000004   Data   RW          524    .data               mc_w.l(mvars.o)
    0x1000001c   0x00000004   Data   RW          525    .data               mc_w.l(mvars.o)
    0x10000020   0x00000090   Zero   RW          154    .bss                glcd_ttt.o
    0x100000b0   0x00000000   Zero   RW            2    HEAP                startup_lpc17xx.o
    0x100000b0   0x00000200   Zero   RW            1    STACK               startup_lpc17xx.o


==============================================================================

Image component sizes


      Code (inc. data)   RO Data    RW Data    ZI Data      Debug   Object Name

       108         12          0          0          0       1971   blinky.o
      3852         54       5376          6          0      11242   glcd_lpc1700.o
       916         58          0          0        144       3178   glcd_ttt.o
        56          4          0          8          0        642   irq.o
        32          8        204          0        512        872   startup_lpc17xx.o
       344         32          0          4          0       4883   system_lpc17xx.o
      1110         20          0          4          0       4400   touchpanel.o

    ----------------------------------------------------------------------
      6418        188       5612         24        656      27188   Object Totals
         0          0         32          0          0          0   (incl. Generated)
         0          0          0          2          0          0   (incl. Padding)

    ----------------------------------------------------------------------

      Code (inc. data)   RO Data    RW Data    ZI Data      Debug   Library Member Name

         0          0          0          0          0          0   entry.o
         8          4          0          0          0          0   entry2.o
         4          0          0          0          0          0   entry5.o
         8          4          0          0          0          0   entry7.o
        30          0          0          0          0          0   handlers.o
        36          8          0          0          0         68   init.o
         0          0          0          0          0          0   iusefp.o
        30          0          0          0          0         68   llshl.o
        36          0          0          0          0         68   llsshr.o
        32          0          0          0          0         68   llushr.o
       108         16          0          0          0         84   malloc.o
        38          0          0          0          0        108   memseta.o
         0          0          0          8          0          0   mvars.o
       386         10          0          0          0        248   printf1.o
        44          0          0          0          0         80   uidiv.o
        40          2          0          0          0         68   cdcmple.o
       330          0          0          0          0        148   dadd.o
       222          0          0          0          0        100   ddiv.o
       194          0          0          0          0        184   depilogue.o
        46          0          0          0          0         68   dfixui.o
        34          0          0          0          0         76   dflti.o
        26          0          0          0          0         76   dfltui.o
       226          0          0          0          0         96   dmul.o

    ----------------------------------------------------------------------
      1890         44          0          8          0       1608   Library Totals
        12          0          0          0          0          0   (incl. Padding)

    ----------------------------------------------------------------------

      Code (inc. data)   RO Data    RW Data    ZI Data      Debug   Library Name

       760         42          0          8          0        792   mc_w.l
      1118          2          0          0          0        816   mf_w.l

    ----------------------------------------------------------------------
      1890         44          0          8          0       1608   Library Totals

    ----------------------------------------------------------------------

==============================================================================


      Code (inc. data)   RO Data    RW Data    ZI Data      Debug   

      8308        232       5612         32        656      27444   Grand Totals
      8308        232       5612         32        656      27444   ELF Image Totals
      8308        232       5612         32          0          0   ROM Totals

==============================================================================

    Total RO  Size (Code + RO Data)                13920 (  13.59kB)
    Total RW  Size (RW Data + ZI Data)               688 (   0.67kB)
    Total ROM Size (Code + RO Data + RW Data)      13952 (  13.63kB)

==============================================================================

